Testing... check_arg_count je jg jl jz je dec_chk inc_chk test add and art_shift dec div inc loadx/storex log_shift mod mul not or sub output_stream ...looks good to me... random 
